---
from: Hadi Partovi (Code.org) <hadi_partovi@code.org>
subject: Get ready for the Hour of Code
litmus_tracking_id: 5g5lyi1a
