---
from: Hadi Partovi (Code.org) <hadi_partovi@code.org>
subject: "¡Gracias por inscribirte para ser anfitrión de una Hora de Código!"
litmus_tracking_id: 5g5lyi1a
